
Memory Configuration

Name             Origin             Length             Attributes
FLASH            0x00000000         0x00040000         xr
SRAM             0x20000000         0x00008000         xrw
*default*        0x00000000         0xffffffff

Linker script and memory map

                0x00000000                PROVIDE (_intvecs_base_address = 0x0)

.intvecs
 *(.intvecs)

.Bishoy         0x00000000       0x14
 CREATE_OBJECT_SYMBOLS
 *(.bss)
 .bss           0x00000000        0x4 app_main.o
 .bss           0x00000004        0x0 app_2.o
 *(.rodata)
 .rodata        0x00000004       0x10 app_main.o
                0x00000004                u16ConstGlobalVar
                0x00000008                arr

.text           0x00000014       0x68
 CREATE_OBJECT_SYMBOLS
 *(.text)
 .text          0x00000014       0x34 app_main.o
                0x00000014                main
 .text          0x00000048       0x34 app_2.o
                0x00000048                vidFunc
 *(.text.*)

.glue_7         0x0000007c        0x0
 .glue_7        0x0000007c        0x0 linker stubs

.glue_7t        0x0000007c        0x0
 .glue_7t       0x0000007c        0x0 linker stubs

.vfp11_veneer   0x0000007c        0x0
 .vfp11_veneer  0x0000007c        0x0 linker stubs

.v4_bx          0x0000007c        0x0
 .v4_bx         0x0000007c        0x0 linker stubs

.iplt           0x0000007c        0x0
 .iplt          0x0000007c        0x0 app_main.o

.rel.dyn        0x0000007c        0x0
 .rel.iplt      0x0000007c        0x0 app_main.o

.rodata
 *(.rodata)
 *(.rodata*)

.data           0x20000000        0x4 load address 0x0000007c
                0x0000007c                __data_load__ = LOADADDR (.data)
                0x20000000                __data_start__ = .
 *(.data)
 .data          0x20000000        0x2 app_main.o
                0x20000000                u8InitGLobalVar
 .data          0x20000002        0x0 app_2.o
 *(.data*)
                0x20000004                . = ALIGN (0x4)
 *fill*         0x20000002        0x2 
                0x20000004                __data_end__ = .

.igot.plt       0x20000004        0x0 load address 0x00000080
 .igot.plt      0x20000004        0x0 app_main.o

.bss            0x20000004        0x0 load address 0x00000080
                0x20000004                __bss_start__ = .
 *(.shbss)
 *(.bss)
 *(.bss.*)
 *(COMMON)
                0x20000004                . = ALIGN (0x4)
                0x20000004                __bss_end__ = .

.stack          0x20000008        0x0 load address 0x00000080
                0x20000008                _stack = .
                0x20000008                __stack = .
 *(.stack)
LOAD app_main.o
LOAD app_2.o
OUTPUT(app_output.elf elf32-littlearm)
LOAD linker stubs

.comment        0x00000000       0x4c
 .comment       0x00000000       0x4c app_main.o
                                 0x4d (size before relaxing)
 .comment       0x0000004c       0x4d app_2.o

.ARM.attributes
                0x00000000       0x2e
 .ARM.attributes
                0x00000000       0x2e app_main.o
 .ARM.attributes
                0x0000002e       0x2e app_2.o
