
Memory Configuration

Name             Origin             Length             Attributes
FLASH            0x00000000         0x00040000         xr
SRAM             0x20000000         0x00008000         xrw
*default*        0x00000000         0xffffffff

Linker script and memory map

                0x00000000                PROVIDE (_intvecs_base_address = 0x0)

.intvecs
 *(.intvecs)

.Bishoy         0x00001000        0xc
 CREATE_OBJECT_SYMBOLS
 *(.bishoy)
 *(.bishoy)
 .Bishoy        0x00001000        0xc app_main.o
                0x00001000                arr

.text           0x0000100c       0x68
 CREATE_OBJECT_SYMBOLS
 *(.text)
 .text          0x0000100c       0x34 app_main.o
                0x0000100c                main
 .text          0x00001040       0x34 app_2.o
                0x00001040                vidFunc
 *(.text.*)

.glue_7         0x00001074        0x0
 .glue_7        0x00001074        0x0 linker stubs

.glue_7t        0x00001074        0x0
 .glue_7t       0x00001074        0x0 linker stubs

.vfp11_veneer   0x00001074        0x0
 .vfp11_veneer  0x00001074        0x0 linker stubs

.v4_bx          0x00001074        0x0
 .v4_bx         0x00001074        0x0 linker stubs

.iplt           0x00001074        0x0
 .iplt          0x00001074        0x0 app_main.o

.rodata         0x00001074        0x2
 *(.rodata)
 .rodata        0x00001074        0x2 app_main.o
                0x00001074                u16ConstGlobalVar
 *(.rodata*)

.rel.dyn        0x00001078        0x0
 .rel.iplt      0x00001078        0x0 app_main.o

.data           0x20000000        0x4 load address 0x00001078
                0x00001078                __data_load__ = LOADADDR (.data)
                0x20000000                __data_start__ = .
 *(.data)
 .data          0x20000000        0x2 app_main.o
                0x20000000                u8InitGLobalVar
 .data          0x20000002        0x0 app_2.o
 *(.data*)
                0x20000004                . = ALIGN (0x4)
 *fill*         0x20000002        0x2 
                0x20000004                __data_end__ = .

.igot.plt       0x20000004        0x0 load address 0x0000107c
 .igot.plt      0x20000004        0x0 app_main.o

.bss            0x20000004        0x4 load address 0x0000107c
                0x20000004                __bss_start__ = .
 *(.shbss)
 *(.bss)
 .bss           0x20000004        0x4 app_main.o
 .bss           0x20000008        0x0 app_2.o
 *(.bss.*)
 *(COMMON)
                0x20000008                . = ALIGN (0x4)
                0x20000008                __bss_end__ = .

.stack          0x20000008        0x0 load address 0x00001080
                0x20000008                _stack = .
                0x20000008                __stack = .
 *(.stack)
LOAD app_main.o
LOAD app_2.o
OUTPUT(app_output.elf elf32-littlearm)
LOAD linker stubs

.comment        0x00000000       0x4c
 .comment       0x00000000       0x4c app_main.o
                                 0x4d (size before relaxing)
 .comment       0x0000004c       0x4d app_2.o

.ARM.attributes
                0x00000000       0x2e
 .ARM.attributes
                0x00000000       0x2e app_main.o
 .ARM.attributes
                0x0000002e       0x2e app_2.o
